[    0.000000] Linux version4.15.0-62-generic (ildd@lcy01-amd64-024) (gcc version 7.4.0 (Ubuntu 7.4.0-1ubuntu1~18.04.1)) #69-Ubuntu SMP Wed Sp  20:55:53 UTC 2019 (Ubuntu 4.10-62.69-generic 4.15.18)
[    0.000000] Command line: BOOT_IMAGE=/boot/vmlin-4.15.0-62-generic root=UUID=fcc49ed4-d171-4f96-97deaccf2a1ab20 ro console=tty1 console=ttyS0
[    0.000000] KERNEL supported cpus:
[    0.000000]   Intel Genuinentel
[    0.000000]   AMD AuthenticAMD
[    0.000000]   Centaur CentaurHauls
[    0.000000] x86/fpu: Supporting XSAVE feature 0x001: 'x87 floating point registers'
[    0.000000] x86/fpu: Supporting XSAVE feature 0x002: 'SSE rgistrs'
[   0.000000] x86/fpu: Supporting XSAVE feature 0x004: 'AVX registers'
[    0.000000] x86/fpu: xstate_offset[2]:  576, xstae_sizes[:  256
[    0.000000] x86/fpu: Enabled xstate features 0x7, context size is 832 yts, using 'standard' ormat.
[    0.000000e820: BIOS-provided physical RAM m:
[    0000000] BIOS-e820: [mem 0x0000000000000000-0x000000000009fbff] usable
[    0.000000] BIOS-e820: [mem 0x000000000009fc00-0x00000000009ffff] reserved
[    0.000000] BIOS-e820: [mem 0x00000000000f000-0x00000000000fffff] reserved
[    0.000000] BIOS-e820: [mem 0x0000000000100000-0x000000003ffeffff] usable
[    0.000000] BIOS-e820: [mem 0x000000003fff0000-0x000000003fffffff] ACPI data
[    0.000000] BIS-e820: [mem 0x00000000fec00000-0x00000000fec00fff] reserved
[    0.000000] BIOS-e820: [mem 0x00000000fee00000-0x00000000fee00fff] reserved
[    0.000000] BIOS-e820: [mem 0x00000000fffc0000-0x00000000ffffffff] reserved
[    0.000000] NX (Execute Disable) protectin: active
[    0.000000] SMBIOS 2.5 present.
[    0.000000] DMI: innotek GmbH VirtualBox/VirtualBox, BIOS VirtualBox 1/01/2006
[    0.000000] Hypervisor detected: KVM
[    0.000000] e820: last_pfn = 0x3fff0 max_arch_pfn = 0x400000000
[    0.000000] MTRR: Disabled
[    0.000000] x86/PAT: MTRRs disabed, skippig PAT initialization too.
[    0.000000] CPU MTRRs all blnk - virtualized system.
[    0.00000] x86/PAT: Configuration [0-7]: WB  WT  UC- UC  WB  WT  UC- UC  
[    .000000] found SMP MP-table at [mem 0x0009fff0-0x009ffff]
[    0.000000] Scanning 1 areas for low memory corruption
[    0.000000] RAMDISK: [mem 0x35985000-0x36cb9fff]
[    0.000000] ACPI: Early table checksum verification disabled
[    0.000000] ACPI: RSDP 0x00000000000E0000 000024 (v02 VBOX  )
[    0.000000] ACPI: XSDT 0x000000003FFF0030 00003C (v01 VBOX   VBOXXSDT 00000001 ASL  00000061)
[    0.000000] ACPI: FACP 0x000000003FFF00F00000F4 (v04 VBOX   VBOXFACP 00000001 ASL  00000061)
[    0.000000] ACPI: DSDT 0xx000000003FFF047 0021FF (v02 VBOX   VBOXBIOS 00000002 INTL 20100528)
[    0.000000] ACPI: FACS 0x000000003FFF0200 000040
[    0.000000] ACPI: FACS 0x000000003FFF0200 000040
[    0.000000] ACPI: APIC 0x000000003FFF0240 00005C (v02 VBOX   VBOXAPIC 00000001 ASL  00000061)
[    0.000000] ACPI: SSDT 0x000000003FFF02A0 0001CC (v01 VBOX   VBOXCPUT 00000002 INTL 20100528)
[    0.000000] No NUMA configuration found
[    0.000000] Faking a node at [mem 0x0000000000000000-0x000000003ffeffff]
[    0.000000] NODE_DATA(0) allocated [mem 0x3ffc5000-0x3ffeffff]
[    0.000000] kvm-clock: cpu 0, msr 0:3ff44001, primary cpu clock
[    0.000000] kvm-clock: Using msrs 4b564d01 and 4b564d00
[    0.000000] kvm-clock: using sched offset of 6404059356 cycles
[    0.000000] clocksource: kvm-clock: mask: 0xffffffffffffffff max_cycles: 0x1cd42e4dffb, max_idle_ns: 881590591483 ns
[    0.000000] Zone ranges:
[    0.000000]   DMA      [mem 0x0000000000001000-0x0000000000ffffff]
[    0.000000]   DMA32    [mem 0x0000000001000000-0x000000003ffeffff]
[    0.000000]   Normal   empty
[    0.000000]   Device   empty
[    0.000000] Movable zone start for each node
[    0.000000] Early memory node ranges
[    0.000000]   node   0: [mem 0x0000000000001000-0x000000000009efff]
[    0.000000]   node   0: [mem 0x0000000000100000-0x000000003ffeffff]
[    0.000000] Reserved but unavailable: 98 pages
[    0.000000] Initmem setup node 0 [mem 0x0000000000001000-0x000000003ffeffff]
[    0.000000] ACPI: PM-Timer IO Port: 0x4008
[    0.000000] IOAPIC[0]: apic_id 2, version 32, address 0xfec00000, GSI 0-23
[    0.000000] ACPI: INT_SRC_OVR (bus 0 bus_irq 0 global_irq 2 dfl dfl)
[    0.000000] ACPI: INT_SRC_OVR (bus 0 bus_irq 9 global_irq 9 low level)
[    0.000000] Using ACPI (MADT) for SMP configuration information
[    0.000000] smpboot: Allowing2 CPUs, 0 hotplug CPUs
[    0.000000] M: Registered nosave memory: [mem 0x00000000-0x00000fff]
[    0.000000] PM: Registered nosave memory: [mem 0x0009f000-00009ffff]
[    0.000000] PM: Registered nosave memory: [mem 0x000a0000-0x000effff]
[    0.000000] PM: Registered nosave memory: [mem 0x000f0000-0x000fffff]
[    0.000000] e820: [mem 0x40000000-0xfebfffff] available for PCI devices
[    0.000000] Booting paravrtualized kernel on KVM
[    0.000000] clocksource: refined-jiffies: mask: 0xffffffff max_cycles: 0xffffffff, max_idle_ns: 7645519600211568 ns
[    0.000000] random: get_random_bytes called from start_krnel+0x99/0x4fd with crng_init=0
[    0.000000] setup_percpu: NR_CPUS:8192nr_pumask_bits:2 nr_cpu_ids:2  nr_node_ids:1
[    0.000000] percpu: Embedded 46 pags/cpu s151552 r8192 d28672 u1048576
[   0.000000] PV qspinlock hash table entries: 256 (order: 0, 406 bytes)
[    0.000000] Built 1 zoneliists, mobility grouping on.  Total pages: 257913
[    0.000000] Policy zone: DMA32
[   0.000000] Kernel command line: BOOT_IMAGE=/boot/vmlinuz-4.15.0-62-generic root=UUID=fcc49ed4-d171f96-97d4-eaccf2a1ab20 ro console=tty1 console=ttyS0
[    0.000000] Memory: 982916K/1048120K availale (12300K kernel code, 2481 rwdta, 4172K rodata, 2436K iit, 2384K bss, 65204K reserved, 0K cma-reserved)
[    0.000000] SLUB: HWalign=64, Order=0-3, MiObjects=0, CPUs=2, Nodes=1
[    0.000000] Kernel/ser page tables isolation: enabled
[    0.000000] ftrace: allocating 39306 entries in 154 pages
    0.004000] Hierarchical RCU mplementation.
[    0.004000] 	RCU restricting CPUs from NR_CPUS=8192 to nr_cpu_ids=2.
[    0.004000] 	Tasks RCU enabled.
[    0.004000] RCU: Adjusting geometry for rcu_fanout_leaf=16, nr_cpu_ids=2
[    0.004000] NR_IRQS: 524544, nr_irqs: 440, preallocated irqs: 16
[    0.004000] Console: colour VGA+ 80x25
[    0.004000] console [tty1] enabled
[    0.004000] console [ttyS0] enale
[    0.004000] ACPI: Core revision 20170831
[    0.004000] ACPI: 2 ACPI AML tables successfully acquired and loaded
[    0.004000] APIC: Switch to symmetric I/O mode setup
[    0.004826] x2apic enabled
[    0.012006] Switched APIC routing to physical x2apic.
[    0.018168] ..TIMER: vector=0x30 apic1=0 pin1=2 apic2=-1 pin2=-1
[    0.020007] tsc: Detected 2304.000 MHz processor
[    0.021601] Calibrating delay loop (skipped) preset value.. 4608.00 BogoMIPS (lpj=9216000)
[    0.024005] pid_max: default: 32768 minimum: 301
[    0.028050] Security Framework initialized
[    0.032008] Yama: becoming mindful.
[    0.033214] AppArmor: AppArmor initialized
[    0.036658] Dentry cache hash table entries: 131072 (order: 8, 1048576 bytes)
[    0.040082] Inode-cache hash table entries: 65536 (order: 7, 524288 bytes)
[    0.042176] Mount-cache hash table entries: 2048 (order: 2, 16384 bytes)
[    0.044042] Mountpoint-cache hash table entries: 2048 (order: 2, 16384 bytes)
[    0.048234] Last level iTLB entries: 4KB 64, 2MB 8, 4MB 8
[    0.052005] Last level dTLB entries: 4KB 64, 2MB 0, 4MB 0, 1GB 4
[    0.054476] Spectre V1 : Mitigation: usercopy/swapgs barriers and __user pointer sanitization
[    0.056006] Spectre V2 : Mitigation: Full generic retpoline
[    0.060004] Spectre V2 : Spectre v2 / SpectreRSB mitigation: Filling RSB on context switch
[    0.064004] Speculative Store Bypass: Vulnerable
[    0.068043] MDS: Vulnerable: Clear CPU buffers attempted, no microcode
[    0.070617] Freeing SMP alternatives memory: 36K
[    0.076000] smpboot: CPU0: Intel(R) Core(TM) i5-7360U CPU @ 2.30GHz (family: 0x6, model: 0x8e, stepping: 0x9)
[    0.076169] Performance Events: unsupported p6 CPU model 142 no PMU driver, software events only.
[    0.080075] Hierarchical SRCU implementation.
[    0.084812] NMI watchdog: Perf event create on CPU 0 failed with -2
[    0.088006] NMI watchdog: Perf NMI watchdog permanently disabled
[    0.092089] smp: Bringing up secondary CPUs ...
[    0.096134] x86: Booting SMP configuration:
[    0.100009] .... node  #0, CPUs:      #1
[    0.004000] kvm-clock: cpu 1, msr 0:3ff44041, secondary cpu clock
[    0.144126] smp: Brought up 1 node, 2 CPUs
[    0.148012] smpboot: Max logical packages: 1
[    0.152117] smpboot: Total of 2 processors activated (9216.00 BogoMIPS)
[    0.156354] devtmpfs: initialized
[    0.165061] x86/mm: Memory block size: 128MB
[    0.168012] evm: security.selinux
[    0.169705] evm: security.SMACK64
[    0.172008] evm: security.SMACK64EXEC
[    0.176005] evm: security.SMACK64TRANSMUTE
[    0.180005] evm: security.SMACK64MMAP
[    0.184005] evm: security.apparmor
[    0.188005] evm: security.ima
[    0.192003] evm: security.capability
[    0.201374] clocksource: jiffies: mask: 0xffffffff max_cycles: 0xffffffff, max_idle_ns: 7645041785100000 ns
[    0.232018] futex hash table entries: 512 (order: 3, 32768 bytes)
[    0.236097] pinctrl core: initialized pinctrl subsystem
[    0.244192] RTC time: 11:05:14, date: 09/21/19
[    0.256489] NET: Registered protocol family 16
[    0.260139] audit: initializing netlink subsys (disabled)
[    0.268110] audit: type=2000 audit(1569063919.035:1): state=initialized audit_enabled=0 res=1
[    0.272014] cpuidle: using governor ladder
[    0.284028] cpuidle: using governor menu
[    0.316077] ACPI: bus type PCI registered
[    0.332011] acpiphp: ACPI Hot Plug PCI Controller Driver version: 0.5
[    0.340181] PCI: Using configuration type 1 for base access
[    0.441671] HugeTLB registered 2.00 MiB page size, pre-allocated 0 pages
[    0.612131] ACPI: Added _OSI(Module Device)
[    0.624011] ACPI: Added _OSI(Processor Device)
[    0.636009] ACPI: Added _OSI(3.0 _SCP Extensions)
[    0.637965] ACPI: Added _OSI(Processor Aggregator Device)
[    0.684008] ACPI: Added _OSI(Linux-Dell-Video)
[    0.692009] ACPI: Added _OSI(Linux-Lenovo-NV-HDMI-Audio)
[    0.700010] ACPI: Added _OSI(Linux-HPI-Hybrid-Graphics)
[    0.716174] ACPI: Executed 1 blocks of module-level executable AML code
[    0.980792] ACPI: Interpreter enabled
[    1.000032] ACPI: (supports S0 S5)
[    1.016008] ACPI: Using IOAPIC for interrupt routing
[    1.024342] PCI: Using host bridge windows from ACPI; if necessary, use "pci=nocrs" and report a bug
[    1.036350] ACPI: Enabled 2 GPEs in block 00 to 07
[    1.084568] ACPI: PCI Root Bridge [PCI0] (domain 0000 [bus 00-ff])
[    1.088016] acpi PNP0A03:00: _OSC: OS supports [ASPM ClockPM Segments MSI]
[    1.108064] acpi PNP0A03:00: _OSC: not requesting OS control; OS requires [ExtendedConfig ASPM ClockPM MSI]
[    1.120030] acpi PNP0A03:00: fail to add MMCONFIG information, can't access extended PCI configuration space under this bridge.
[    1.128892] PCI host bridge to bus 0000:00
[    1.132011] pci_bus 0000:00: root bus resource [io  0x0000-0x0cf7 window]
[    1.160012] pci_bus 0000:00: root bus resource [io  0x0d00-0xffff window]
[    1.168009] pci_bus 0000:00: root bus resource [mem 0x000a0000-0x000bffff window]
[    1.176011] pci_bus 0000:00: root bus resource [mem 0x40000000-0xfdffffff window]
[    1.180011] pci_bus 0000:00: root bus resource [bus 00-ff]
[    1.341854] pci 0000:00:01.1: legacy IDE quirk: reg 0x10: [io  0x01f0-0x01f7]
[    1.448013] pci 0000:00:01.1: legacy IDE quirk: reg 0x14: [io  0x03f6]
[    1.456012] pci 0000:00:01.1: legacy IDE quirk: reg 0x18: [io  0x0170-0x0177]
[    1.472011] pci 0000:00:01.1: legacy IDE quirk: reg 0x1c: [io  0x0376]
[    1.562640] pci 0000:00:07.0: quirk: [io  0x4000-0x403f] claimed by PIIX4 ACPI
[    1.564048] pci 0000:00:07.0: quirk: [io  0x4100-0x410f] claimed by PIIX4 SMB
[    1.612693] ACPI: PCI Interrupt Link [LNKA] (IRQs 5 9 10 *11)
[    1.616462] ACPI: PCI Interrupt Link [LNKB] (IRQs 5 9 *10 11)
[    1.624133] ACPI: PCI Interrupt Link [LNKC] (IRQs 5 *9 10 11)
[    1.628304] ACPI: PCI Interrupt Link [LNKD] (IRQs 5 9 10 *11)
[    1.636029] SCSI subsystem initialized
[    1.640100] pci 0000:00:02.0: vgaarb: setting as boot VGA device
[    1.644000] pci 0000:00:02.0: vgaarb: VGA device added: decodes=io+mem,owns=io+mem,locks=none
[    1.644016] pci 0000:00:02.0: vgaarb: bridge control possible
[    1.648011] vgaarb: loaded
[    1.652314] ACPI: bus type USB registered
[    1.656059] usbcore: registered new interface driver usbfs
[    1.660046] usbcore: registered new interface driver hub
[    1.664219] usbcore: registered new device driver usb
[    1.668120] EDAC MC: Ver: 3.0.0
[    1.676372] PCI: Using ACPI for IRQ routing
[    1.684759] NetLabel: Initializing
[    1.688017] NetLabel:  domain hash size = 128
[    1.692005] NetLabel:  protocols = UNLABELED CIPSOv4 CALIPSO
[    1.696042] NetLabel:  unlabeled traffic allowed by default
[    1.700445] clocksource: Switched to clocksource kvm-clock
[    1.8012] VFS: Disk quotas dquot_6..0
[     1.875940] VFS: Dquot-cache hastable entries: 512 (order 0, 4096 bytes)

[    1.982859] AppArmor: AppArmor Filesystem Enabled
[    1.985725] pnp: PnP ACPI init
[    1.993590] pnp: PnP ACPI: fond 3 deces

[    2.106463] clocksource: acpi_p mask: 0xffffff max_cycles: 0xffffff, max_idle_ns: 25701024 ns
[  2.229197] NET: Registered protocol family 2

[    2.285668] TCP estblished hash table entries: 8192 (order: 4, 65536 bytes)

[    2.324750] TCP bind hash table entries: 8192 (order: 5, 131072 bytes)
[    2.326905] TCP: Hash tables configured (established 8192 bind 8192)
[    2.329118] UDP hash table entries: 512 (order: 2, 16384 bytes)
[    2.331068] UDP-Lite hash table entries: 512 (order: 2, 16384 bytes)
[    2.333302] NET: Registered protocol family 1
[    2.335019] pci 0000:00:00.0: Limiting direct PCI/PCI transfers
[    2.305] i 000:01.0: Activating ISA D hg workarounds
[    2.67891] pci 0000:00:02.0: Video device with shadowed ROM at [mem 0x000c0000-0x000dff]
[    2.754064] Unpacking initramfs...
[   .081570] Freeingnid mo: 66
[    3.418581] clocksorc ts msk 0fffffffffff max_ccl: 21f77c max_idle_ns: 440795273205 ns
[    4.03003] platform rtc_cmos:registered platform RTC device (n PNP device found)
[   .1197] Scanning for low memory corruption evy 60 seon

[    4.415843] Initialise system trusted keyrings
[    4.423010] Key type blacklist registered
[    4.424262] workingset: timestamp_bits=36 max_order=18 bucket_order=0
[    4.436939] zbud: loaded
[    4.438930] squashfs: version 4.0 (2009/01/31) Phillip Lougher
[    4.447630] fuse nit (API version 7.26)
[    4.539781] Key type asymmetric registered
[    4.542614] Asymmetric key parser 'x509' registered
[    4.557769] Block layer SCSI generic (bsg) driver version 0.4 loaded (major 246)
[    4.563222] io scheduler noop registered
[    4.570940] io scheduler deadline registered
[    4.572110] io scheduler cfq registered (default)
[    4.578418] ACPI: AC Adapter [AC] (on-line)
[    4.580226] input: Power Button as /devices/LNXSYSTM:00/LNXPWRBN:00/input/input0
[    4.582636] ACPI: Power Button [PWRF]
[    4.592091] input: Sleep Button as /devices/LNXSYSTM:00/LNXSLPBN:00/input/input1
[    4.609664] ACPI: Sleep Button [SLPF]
[    4.613509] ACPI: Battery Slot [BAT0] (battery present)
[    4.616346] Serial: 8250/16550 driver, 32 ports, IRQ sharing enabled
[    4.655079] 00:02: ttyS0 at I/O 0x3f8 (irq = 4, base_baud = 115200) is a 16550A
[    4.673582] Linux agpgart interface v0.103
[    4.689361] loop: module loaded
[    4.690787] scsi host0: ata_piix
[    4.691746] scsi host1: ata_piix
[    4.692518] ata1: PATA max UDMA/33 cmd 0x1f0 ctl 0x3f6 bmdma 0xd000 irq 14
[    4.702348] ata2: PATA max UDMA/33 cmd 0x170 ctl 0x376 bmdma 0xd008 irq 15
[    4.703858] libphy: Fixed MDIO Bus: probed
[    4.707512] tun: Universal TUN/TAP device driver, 1.6
[    4.729848] PPP generic driver version 2.4.2
[    4.737842] ehci_hcd: USB 2.0 'Enhanced' Host Controller (EHCI) Driver
[    4.747440] ehci-pci: EHCI PCI platform driver
[    4.756939] ehci-platform: EHCI generic platform driver
[    4.791998] ohci_hcd: USB 1.1 'Open' Host Controller (OHCI) Driver
[    4.795137] ohci-pci: OHCI PCI platform driver
[    4.807502] ohci-platform: OHCI generic platform driver
[    4.826662] uhci_hcd: USB Universal Host Controller Interface driver
[    4.835886] i8042: PNP: PS/2 Controller [PNP0303:PS2K,PNP0f03:PS2M] at 0x60,0x64 irq 1,12
[    4.857568] serio: i8042 KBD port at 0x60,0x64 irq 1
[    4.859444] serio: i8042 AUX port at 0x60,0x64 irq 12
[    4.861295] mousedev: PS/2 mouse device common for all mice
[    4.869389] input: AT Translated Set 2 keyboard as /devices/platform/i8042/serio0/input/input2
[    4.871581] rtc_cmos rtc_cmos: rtc core: registered rtc_cmos as rtc0
[    4.876489] rtc_cmos rtc_cmos: alarms up to one day, 114 bytes nvram
[    4.878971] i2c /dev entries driver
[    4.880417] device-mapper: uevent: version 1.0.3
[    4.888518] device-mapper: ioctl: 4.37.0-ioctl (2017-09-20) initialised: dm-devel@redhat.com
[    4.890480] ledtrig-cpu: registered to indicate activity on CPUs
[    4.893743] NET: Registered protocol family 10
[    4.902136] Segment Routing with IPv6
[    4.931834] NET: Registered protocol family 17
[    4.940151] Key type dns_resolver registered
[    4.955489] mce: Using 0 MCE banks
[    4.984890] RAS: Correctable Errors collector initialized.
[    4.986084] sched_clock: Marking stable (4984852862, 0)->(9819493059, -4834640197)
[    4.989074] registered taskstats version 1
[    4.998888] Loading compiled-in X.509 certificates
[    5.002003] Loaded X.509 cert 'Build time autogenerated kernel key: ff1b14b29a8b0fad041e56b58c2af39eda0766ce'
[    5.039448] zswap: loaded using pool lzo/zbud
[    5.050122] Key type big_key registered
[    5.068502] Key type trusted registered
[    5.087870] Key type encrypted registered
[    5.089829] AppArmor: AppArmor sha1 policy hashing enabled
[    5.095659] ima: No TPM chip found, activating TPM-bypass! (rc=-19)
[    5.097873] ima: Allocated hash algorithm: sha1
[    5.099154] evm: HMAC attrs: 0x1
[    5.100590]   Magic number: 3:276:75
[    5.102085] rtc_cmos rtc_cmos: setting system clock to 2019-09-21 11:05:20 UTC (1569063920)
[    5.106821] BIOS EDD facility v0.16 2004-Jun-25, 0 devices found
[    5.134377] EDD information not available.
[    5.138718] Freeing unused kernel image memory: 2436K
[    5.152137] Write protecting the kernel read-only data: 20480k
[    5.166829] Freeing unused kernel image memory: 2008K
[    5.168638] Freeing unused kernel image memory: 1972K
[    5.175241] x86/mm: Checked W+X mappings: passed, no W+X pages found.
[    5.176901] x86/mm: Checking user space page tables
[    5.184043] x86/mm: Checked W+X mappings: passed, no W+X pages found.
Loading, please wait...
starting version 237
[    5.286614] e1000: Intel(R) PRO/1000 Network Driver - version 7.3.21-k8-NAPI
[    5.304288] e1000: Copyright (c) 1999-2006 Intel Corporation.
[    5.310087] Fusion MPT base driver 3.04.20
[    5.311529] Copyright (c) 1999-2008 LSI Corporation
[    5.328483] Fusion MPT SPI Host driver 3.04.20
[    5.330034] AVX2 version of gcm_enc/dec engaged.
[    5.331354] AES CTR mode by8 optimization enabled
[    5.524520] input: ImExPS/2 Generic Explorer Mouse as /devices/platform/i8042/serio1/input/input4
[    5.770856] e1000 0000:00:03.0 eth0: (PCI:33MHz:32-bit) 02:5c:19:d6:ac:b9
[    6.043584] e1000 0000:00:03.0 eth0: Intel(R) PRO/1000 Network Connection
[    6.194300] mptbase: ioc0: Initiating bringup
[    6.722024] ioc0: LSI53C1030 A0: Capabilities={Initiator}
[    8.753168] scsi host2: ioc0: LSI53C1030 A0, FwRev=00000000h, Ports=1, MaxQ=256, IRQ=20
[    9.813195] scsi 2:0:0:0: Direct-Access     VBOX     HARDDISK         1.0  PQ: 0 ANSI: 5
[   11.017355] scsi target2:0:0: Beginning Domain Validation
[   11.100140] scsi target2:0:0: Domain Validation skipping write tests
[   11.108584] scsi target2:0:0: Ending Domain Validation
[   11.109804] scsi target2:0:0: asynchronous
[   11.113172] scsi 2:0:1:0: Direct-Access     VBOX     HARDDISK         1.0  PQ: 0 ANSI: 5
[   11.456190] scsi target2:0:1: Beginning Domain Validation
[   11.479952] random: fast init done
[   11.756230] scsi target2:0:1: Domain Validation skipping write tests
[   11.757594] scsi target2:0:1: Ending Domain Validation
[   11.758840] scsi target2:0:1: asynchronous
[   11.764820] random: systemd-udevd: uninitialized urandom read (16 bytes read)
[   11.766662] random: systemd-udevd: uninitialized urandom read (16 bytes read)
[   11.768157] random: systemd-udevd: uninitialized urandom read (16 bytes read)
[   11.769582] e1000 0000:00:08.0 eth1: (PCI:33MHz:32-bit) 08:00:27:fa:40:7a
[   11.770306] sd 2:0:0:0: Attached scsi generic sg0 type 0
[   11.777437] e1000 0000:00:08.0 eth1: Intel(R) PRO/1000 Network Connection
[   11.779310] sd 2:0:1:0: Attached scsi generic sg1 type 0
[   11.784999] sd 2:0:0:0: [sda] 20971520 512-byte logical blocks: (10.7 GB/10.0 GiB)
[   11.838522] e1000 0000:00:03.0 enp0s3: renamed from eth0
[   11.839334] sd 2:0:1:0: [sdb] 20480 512-byte logical blocks: (10.5 MB/10.0 MiB)
[   11.865523] sd 2:0:0:0: [sda] Write Protect is off
[   11.875924] sd 2:0:1:0: [sdb] Write Protect is off
[   11.878476] sd 2:0:0:0: [sda] Incomplete mode parameter data
[   11.879673] sd 2:0:0:0: [sda] Assuming drive cache: write through
[   11.881112] sd 2:0:1:0: [sdb] Incomplete mode parameter data
[   11.888964] e1000 0000:00:08.0 enp0s8: renamed from eth1
[   11.889893] sd 2:0:1:0: [sdb] Assuming drive cache: write through
[   11.958753]  sda: sda1
[   11.962205] sd 2:0:0:0: [sda] Attached SCSI disk
[   11.979206] sd 2:0:1:0: [sdb] Attached SCSI disk
Begin: Loading essential drivers ... [   13.424203] raid6: sse2x1   gen() 12220 MB/s
[   13.512041] raid6: sse2x1   xor()  8573 MB/s
[   13.564044] raid6: sse2x2   gen() 15024 MB/s
[   13.624254] raid6: sse2x2   xor() 10025 MB/s
[   13.716174] raid6: sse2x4   gen() 17019 MB/s
[   13.784250] raid6: sse2x4   xor() 10331 MB/s
[   13.844569] raid6: avx2x1   gen() 23401 MB/s
[   13.904070] raid6: avx2x1   xor() 16154 MB/s
[   13.972534] raid6: avx2x2   gen() 27312 MB/s
[   14.024238] raid6: avx2x2   xor() 16715 MB/s
[   14.080200] raid6: avx2x4   gen() 30473 MB/s
[   14.148322] raid6: avx2x4   xor() 17402 MB/s
[   14.155279] raid6: using algorithm avx2x4 gen() 30473 MB/s
[   14.168256] raid6: .... xor() 17402 MB/s, rmw enabled
[   14.170751] raid6: using avx2x2 recovery algorithm
[   14.181255] xor: automatically using best checksumming function   avx       
[   14.199769] async_tx: api initialized (async)
done.
Begin: Running /scripts/init-premount ... done.
Begin: Mounting root file system ... Begin: Running /scripts/local-top ... done.
Begin: Running /scripts/local-premount ... [   14.262480] Btrfs loaded, crc32c=crc32c-intel
Scanning for Btrfs filesystems
done.
Warning: fsck no[   14.316294] EXT4-fs (sda1): INFO: recovery required on readonly filesystem
t present, so sk[   14.390436] EXT4-fs (sda1): write access will be enabled during recovery
ipping root file system
[   15.470549] EXT4-fs (sda1): recovery complete
[   15.523391] EXT4-fs (sda1): mounted filesystem with ordered data mode. Opts: (null)
done.
Begin: Running /scripts/local-bottom ... done.
Begin: Running /scripts/init-bottom ... done.
[   15.856065] random: crng init done
[   16.084035] random: 7 urandom warning(s) missed due to ratelimiting
[   16.470557] ip_tables: (C) 2000-2006 Netfilter Core Team
[   16.537676] systemd[1]: systemd 237 running in system mode. (+PAM +AUDIT +SELINUX +IMA +APPARMOR +SMACK +SYSVINIT +UTMP +LIBCRYPTSETUP +GCRYPT +GNUTLS +ACL +XZ +LZ4 +SECCOMP +BLKID +ELFUTILS +KMOD -IDN2 +IDN -PCRE2 default-hierarchy=hybrid)
[   16.617216] systemd[1]: Detected virtualization oracle.
[   16.627442] systemd[1]: Detected architecture x86-64.

Welcome to [1mUbuntu 18.04.2 LTS[0m!

[   16.661151] systemd[1]: Set hostname to <ubuntu-bionic>.
[   17.292047] systemd[1]: Reached target System Time Synchronized.
[[0;32m  OK  [0m] Reached target System Time Synchronized.
[   17.408454] systemd[1]: Set up automount Arbitrary Executable File Formats File System Automount Point.
[[0;32m  OK  [0m] Set up automount Arbitrary Executabâ€¦rmats File System Automount Point.
[   17.460283] systemd[1]: Started Forward Password Requests to Wall Directory Watch.
[[0;32m  OK  [0m] Started Forward Password Requests to Wall Directory Watch.
[   17.558501] systemd[1]: Created slice System Slice.
[[0;32m  OK  [0m] Created slice System Slice.
[   17.596124] systemd[1]: Listening on Journal Socket (/dev/log).
[[0;32m  OK  [0m] Listening on Journal Socket (/dev/log).
[   17.640648] systemd[1]: Listening on Device-mapper event daemon FIFOs.
[[0;32m  OK  [0m] Listening on Device-mapper event daemon FIFOs.
[[0;32m  OK  [0m] Listening on /dev/initctl Compatibility Named Pipe.
[[0;32m  OK  [0m] Listening on LVM2 metadata daemon socket.
[[0;32m  OK  [0m] Listening on Network Service Netlink Socket.
[[0;32m  OK  [0m] Reached target Swap.
[[0;32m  OK  [0m] Reached target User and Group Name Lookups.
[[0;32m  OK  [0m] Listening on Syslog Socket.
[[0;32m  OK  [0m] Listening on udev Kernel Socket.
[[0;32m  OK  [0m] Created slice system-serial\x2dgetty.slice.
[[0;32m  OK  [0m] Listening on Journal Socket.
         Starting Load Kernel Modules...
         Mounting Kernel Debug File System...
[   17.854809] Loading iSCSI transport class v2.0-870.
         Starting Create list of required stâ€¦ce nodes for the current kernel...
         Starting Remount Root and Kernel File Systems...
         Starting Set the console keyboard layout...
[   17.923296] iscsi: registered transport (tcp)
[   17.944887] EXT4-fs (sda1): re-mounted. Opts: (null)
         Mounting Huge Pages File System...
         Mounting POSIX Message Queue File System...
[[0;32m  OK  [0m] Listening on LVM2 poll daemon socket.
         Starting Uncomplicated firewall...
[[0;32m  OK  [0m] Listening on Journal Audit Socket.
         Starting Journal Service...
[[0;32m  OK  [0m] Created slice User and Session Slice.
[[0;32m  OK  [0m] Reached target Slices.
[[0;32m  OK  [0m] Listening on[   18.054301] iscsi: registered transport (iser)
 udev Control Socket.
         Starting udev Coldplug all Devices...
         Starting Monitoring of LVM2 mirrorsâ€¦ng dmeventd or progress polling...
[[0;32m  OK  [0m] Started Load Kernel Modules.
[[0;32m  OK  [0m] Mounted Kernel Debug File System.
[[0;32m  OK  [0m] Started Create list of required staâ€¦vice nodes for the current kernel.
[[0;32m  OK  [0m] Started Remount Root and Kernel File Systems.
[[0;32m  OK  [0m] Mounted Huge Pages File System.
[[0;32m  OK  [0m] Mounted POSIX Message Queue File System.
[[0;32m  OK  [0m] Started Journal Service.
[[0;32m  OK  [0m] Started Uncomplicated firewall.
         Starting Flush Journal to Persistent Storage...
         Starting Load/Save Random Seed...
         Starting Create Static Device Nodes in /dev...
         Mounting FUSE Control File System...
         Starting Apply Kernel Variables...
         Mounting Kernel Configuration File System...
[[0;32m  OK  [0m] Mounted FUSE Control File System.
[[0;32m  OK  [0m] Mounted Kernel Configuration File System.
[[0;32m  OK  [0m] Started Set the console keyboard layout.
[[0;32m  OK  [0m] Started udev Coldplug all Devices.
[[0;32m  OK  [0m] Started Load/Save Random Seed.
[[0;32m  OK  [0m] Started Create Static Device Nodes in /dev.
[[0;32m  OK  [0m] Started Apply Kernel Variables.
[[0;32m  OK  [0m] Started LVM2 metadata daemon.
         Starting udev Kernel Device Manager...
[[0;32m  OK  [0m] Started Monitoring of LVM2 mirrors,â€¦sing dmeventd or progress polling.
[[0;32m  OK  [0m] Reached target Local File Systems (Pre).
[[0;32m  OK  [0m] Reached target Local File Systems.
         Starting Set console font and keymap...
         Starting Tell Plymouth To Write Out Runtime Data...
         Starting AppArmor initialization...
         Starting ebtables ruleset management...
[[0;32m  OK  [0m] Started udev Kernel Device Manager.
[[0;32m  OK  [0m] Started Dispatch Password Requests to Console Directory Watch.
[[0;32m  OK  [0m] Reached target Local Encrypted Volumes.
[[0;32m  OK  [0m] Started Set console font and keymap.
[[0;32m  OK  [0m] Started Tell Plymouth To Write Out Runtime Data.
[[0;32m  OK  [0m] Started ebtables ruleset management.
[[0;32m  OK  [0m] Started Flush Journal to Persistent Storage.
         Starting Create Volatile Files and Directories...
[[0;32m  OK  [0m] Started Create Volatile Files and Directories.
         Starting Update UTMP about System Boot/Shutdown...
[[0;32m  OK  [0m] Found device /dev/ttyS0.
[[0;32m  OK  [0m] Started Update UTMP about System Boot/Shutdown.
[[0;32m  OK  [0m] Listening on Load/Save RF Kill Switch Status /dev/rfkill Watch.
[[0;32m  OK  [0m] Started AppArmor initialization.
         Starting Initial cloud-init job (pre-networking)...
[   21.838331] cloud-init[576]: Cloud-init v. 18.5-45-g3554ffe8-0ubuntu1~18.04.1 running 'init-local' at Sat, 21 Sep 2019 11:05:37 +0000. Up 21.62 seconds.
[[0;32m  OK  [0m] Started Initial cloud-init job (pre-networking).
[[0;32m  OK  [0m] Reached target Network (Pre).
         Starting Network Service...
[[0;32m  OK  [0m] Started Network Service.
         Starting Wait for Network to be Configured...
         Starting Network Name Resolution...
[[0;32m  OK  [0m] Started Network Name Resolution.
[[0;32m  OK  [0m] Reached target Network.
[[0;32m  OK  [0m] Reached target Host and Network Name Lookups.
[[0;32m  OK  [0m] Started Wait for Network to be Configured.
         Starting Initial cloud-init job (metadata service crawler)...
[   24.727495] cloud-init[708]: Cloud-init v. 18.5-45-g3554ffe8-0ubuntu1~18.04.1 running 'init' at Sat, 21 Sep 2019 11:05:39 +0000. Up 24.54 seconds.
[   24.784445] cloud-init[708]: ci-info: ++++++++++++++++++++++++++++++++++++++Net device info+++++++++++++++++++++++++++++++++++++++
[   24.806388] cloud-init[708]: ci-info: +--------+------+-----------------------------+---------------+--------+-------------------+
[   24.844467] cloud-init[708]: ci-info: | Device |  Up  |           Address           |      Mask     | Scope  |     Hw-Address    |
[   24.906060] cloud-init[708]: ci-info: +--------+------+-----------------------------+---------------+--------+-------------------+
[   24.942004] cloud-init[708]: ci-info: | enp0s3 | True |          10.0.2.15          | 255.255.255.0 | global | 02:5c:19:d6:ac:b9 |
[   24.964567] cloud-init[708]: ci-info: | enp0s3 | True |  fe80::5c:19ff:fed6:acb9/64 |       .       |  link  | 02:5c:19:d6:ac:b9 |
[   25.023296] cloud-init[708]: ci-info: | enp0s8 | True |        192.168.33.10        | 255.255.255.0 | global | 08:00:27:fa:40:7a |
[[   25.088698] cloud-init[708]: ci-info: | enp0s8 | True | fe80::a00:27ff:fefa:407a/64 |       .       |  link  | 08:00:27:fa:40:7a |
[   25.088999] cloud-init[708]: ci-info: |   lo   | True |          127.0.0.1          |   255.0.0.0   |  host  |         .         |
[   25.089338] cloud-init[708]: ci-info: |   lo   | True |           ::1/128           |       .       |  host  |         .         |
[   25.089698] cloud-init[708]: ci-info: +--------+------+-----------------------------+---------------+--------+-------------------+
[   25.090063] cloud-init[708]: ci-info: +++++++++++++++++++++++++++++Route IPv4 info+++++++++++++++++++++++++++++
[   25.090437] cloud-init[708]: ci-info: +-------+--------------+----------+-----------------+-----------+-------+
[   25.090796] cloud-init[708]: ci-info: | Route | Destination  | Gateway  |     Genmask     | Interface | Flags |
[   25.091205] cloud-init[708]: ci-info: +-------+--------------+----------+-----------------+-----------+-------+
[   25.091552] cloud-init[708]: ci-info: |   0   |   0.0.0.0    | 10.0.2.2 |     0.0.0.0     |   enp0s3  |   UG  |
[0;32m  OK  [0m] Started Initial cloud-init job (metadata service crawler).
[   25.092393] cloud-init[708]: ci-info: |   1   |   10.0.2.0   | 0.0.0.0  |  255.255.255.0  |   enp0s3  |   U   |
[[   25.578278] cloud-init[708]: ci-info: |   2   |   10.0.2.2   | 0.0.0.0  | 255.255.255.255 |   enp0s3  |   UH  |
[   25.578544] cloud-init[708]: ci-info: |   3   | 192.168.33.0 | 0.0.0.0  |  255.255.255.0  |   enp0s8  |   U   |
[   25.578879] cloud-init[708]: ci-info: +-------+--------------+----------+-----------------+-----------+-------+
[   25.579311] cloud-init[708]: ci-info: +++++++++++++++++++Route IPv6 info+++++++++++++++++++
[   25.579794] cloud-init[708]: ci-info: +-------+-------------+---------+-----------+-------+
[   25.580531] cloud-init[708]: ci-info: | Route | Destination | Gateway | Interface | Flags |
[   25.580880] cloud-init[708]: ci-info: +-------+-------------+---------+-----------+-------+
[   25.581239] cloud-init[708]: ci-info: |   1   |  fe80::/64  |    ::   |   enp0s8  |   U   |
[   25.581604] cloud-init[708]: ci-info: |   2   |  fe80::/64  |    ::   |   enp0s3  |   U   |
[   25.581981] cloud-init[708]: ci-info: |   4   |    local    |    ::   |   enp0s3  |   U   |
[   25.582339] cloud-init[708]: ci-info: |   5   |    local    |    ::   |   enp0s8  |   U   |
[   25.582701] cloud-init[708]: ci-info: |   6   |   ff00::/8  |    ::   |   enp0s8  |   U   |
[   25.583063] cloud-init[708]: ci-info: |   7   |   ff00::/8  |    ::   |   enp0s3  |   U   |
[   25.583430] cloud-init[708]: ci-info: +-------+-------------+---------+-----------+-------+
[0;32m  OK  [0m] Reached target Network is Online.
[[0;32m  OK  [0m] Reached target Remote File Systems (Pre).
[[0;32m  OK  [0m] Reached target Remote File Systems.
         Starting Availability of block devices...
[[0;32m  OK  [0m] Reached target System Initialization.
[[0;32m  OK  [0m] Started Discard unused blocks once a week.
[[0;32m  OK  [0m] Started Daily Cleanup of Temporary Directories.
         Starting LXD - unix socket.
[[0;32m  OK  [0m] Listening on Open-iSCSI iscsid Socket.
[[0;32m  OK  [0m] Listening on D-Bus System Message Bus Socket.
         Starting Socket activation for snappy daemon.
[[0;32m  OK  [0m] Started Daily apt download activities.
[[0;32m  OK  [0m] Started Daily apt upgrade and clean activities.
[[0;32m  OK  [0m] Started ACPI Events Check.
[[0;32m  OK  [0m] Reached target Paths.
[[0;32m  OK  [0m] Listening on ACPID Listen Socket.
[[0;32m  OK  [0m] Listening on UUID daemon activation socket.
[[0;32m  OK  [0m] Started Message of the Day.
[[0;32m  OK  [0m] Reached target Timers.
[[0;32m  OK  [0m] Reached target Cloud-config availability.
[[0;32m  OK  [0m] Started Availability of block devices.
[[0;32m  OK  [0m] Listening on LXD - unix socket.
[[0;32m  OK  [0m] Listening on Socket activation for snappy daemon.
[[0;32m  OK  [0m] Reached target Sockets.
[[0;32m  OK  [0m] Reached target Basic System.
         Starting LSB: Record successful boot for GRUB...
[[0;32m  OK  [0m] Started irqbalance daemon.
         Starting LSB: automatic crash report generation...
         Starting vboxadd.service...
         Starting Login Service...
         Starting Dispatcher daemon for systemd-networkd...
[[0;32m  OK  [0m] Started Regular background program processing daemon.
         Starting Snappy daemon...
         Starting Accounts Service...
         Starting System Logging Service...
[[0;32m  OK  [0m] Started Deferred execution scheduler.
[[0;32m  OK  [0m] Started D-Bus System Message Bus.
[[0;32m  OK  [0m] Started FUSE filesystem for LXC.
         Starting OpenBSD Secure Shell server...
         Starting LXD - container startup/shutdown...
         Starting Permit User Sessions...
[[0;32m  OK  [0m] Started System Logging Service.
[[0;32m  OK  [0m] Started Dispatcher daemon for systemd-networkd.
[[0;32m  OK  [0m] Started Login Service.
[[0;32m  OK  [0m] Started Permit User Sessions.
         Starting Terminate Plymouth Boot Screen...
         Starting Hold until boot process finishes up...
         Starting Authorization Manager...
[[0;32m  OK  [0m] Started Unattended Upgrades Shutdown.
[[0;32m  OK  [0m] Started Terminate Plymouth Boot Screen.
[[0;32m  OK  [0m] Started Hold until boot process finishes up.
         Starting Set console scheme...
[[0;32m  OK  [0m] Started Serial Getty on ttyS0.
[[0;32m  OK  [0m] Started Authorization Manager.
[[0;32m  OK  [0m] Started Accounts Service.
[[0;32m  OK  [0m] Started LSB: automatic crash report generation.
[[0;32m  OK  [0m] Started vboxadd.service.
         Starting vboxadd-service.service...
[[0;32m  OK  [0m] Started LSB: Record successful boot for GRUB.
[[0;32m  OK  [0m] Started Set console scheme.
[[0;32m  OK  [0m] Created slice system-getty.slice.
[[0;32m  OK  [0m] Started Getty on tty1.
[[0;32m  OK  [0m] Reached target Login Prompts.
[[0;32m  OK  [0m] Started vboxadd-service.service.
[[0;32m  OK  [0m] Started OpenBSD Secure Shell server.
[[0;32m  OK  [0m] Started Snappy daemon.
         Starting Wait until snapd is fully seeded...
[[0;32m  OK  [0m] Started LXD - container startup/shutdown.
[[0;32m  OK  [0m] Started Wait until snapd is fully seeded.
         Starting Apply the settings specified in cloud-config...
[[0;32m  OK  [0m] Reached target Multi-User System.
[[0;32m  OK  [0m] Reached target Graphical Interface.
         Starting Update UTMP about System Runlevel Changes...
[[0;32m  OK  [0m] Started Update UTMP about System Runlevel Changes.
[[0;32m  OK  [0m] Created slice User Slice of vagrant.
         Starting User Manager for UID 1000...
[[0;32m  OK  [0m] Started Session 1 of user vagrant.
[[0;32m  OK  [0m] Started User Manager for UID 1000.
[   28.714321] cloud-init[1256]: Cloud-init v. 18.5-45-g3554ffe8-0ubuntu1~18.04.1 running 'modules:config' at Sat, 21 Sep 2019 11:05:43 +0000. Up 28.58 seconds.
[[0;32m  OK  [0m] Started Apply the settings specified in cloud-config.
         Starting Execute cloud user/final scripts...
[   29.293086] cloud-init[1342]: Cloud-init v. 18.5-45-g3554ffe8-0ubuntu1~18.04.1 running 'modules:final' at Sat, 21 Sep 2019 11:05:44 +0000. Up 29.13 seconds.
[   29.360366] [cloud-init[0;32m  OK  [0m[1342]: ] Cloud-init v. 18.5-45-g3554ffe8-0ubuntu1~18.04.1 finished at Sat, 21 Sep 2019 11:05:44 +0000. Datasource DataSourceNoCloud [seed=/dev/sdb][dsmode=net].  Up 29.28 secondsStarted Execute cloud user/final scripts.

[[0;32m  OK  [0m] Reached target Cloud-init target.

Ubuntu 18.04.2 LTS ubuntu-bionic ttyS0

ubuntu-bionic login: 